[kysfakeid123-cl10c2b23.netlify.app/index.html]
[backblue.gif]
[fade.gif]
[index.html]
[framerusercontent.com/images/2p1i9jxkZT1mV9tA0UGwosGNcw.png]
[framerusercontent.com/images/5WMX7vWSyW2WMooR2VycdE7g3VY.png]
[framerusercontent.com/images/edCffmyX8v3KvzgS9Wg53vu46g.png]
[framerusercontent.com/images/SSVIOHxIU3czArajdwvayehgB94.png]
[framerusercontent.com/images/ee0dpi8fuAAN6XelirMYhRZTh8.png]
[framerusercontent.com/images/T1mrKeNDf60lknB0dh2GZu6prY.png]
[framerusercontent.com/images/WywUGTeYP9uOvMTTXZ98wdYTU.png]
[framerusercontent.com/images/6pyLViYfy8KW4P0igQYHeIOd24.png]
[framerusercontent.com/images/T1jVNCDTbS3vpQBxKJCDO03bA.jpg]
[framerusercontent.com/images/Sr8dhz4TZEaDhIYkbE21ud49oc.png]
[framerusercontent.com/images/54QS9t3M4HtXiULjK46uJcKoek.png]
[framerusercontent.com/images/CcFajfJrlf5RHlzdbTem3a4Gex8.jpg]
[framerusercontent.com/images/xPAtWhHxkjpBdL8H0UU90Jof5A.png]
[framerusercontent.com/images/WEewcmLUhfvMUGXLvRimgM1aI.png]
[framerusercontent.com/images/nqKWxrR8MLFw1PRFzN5nyATYe84.png]
[framerusercontent.com/images/jYTHPuyfkfRfgqh1TCGT6aTU5Ko.png]
[framerusercontent.com/images/P0Zr2yBb18Um2LIMwAoihfwIEA.png]
[framerusercontent.com/images/eGPmZygOdskW9A6k8qWNKu0DMoY.png]
[framerusercontent.com/images/f1r8DvCfyN6rhhy7RyNYg5VE3DA.png]
[framerusercontent.com/images/oQ96TYsmkiCT9EpfdSbnPt8wwCs.png]
[framerusercontent.com/images/d19ZVu5zPPKcqzEorusiBYCBuB4.png]
[framerusercontent.com/images/QkSvZtTd4hf0BOzKOqCejxEWLjQ.png]
[framerusercontent.com/images/69yCSkGYI10yHzkgMCHhBGd3Ks.png]
[framerusercontent.com/images/3VJpoXLzifIGDQ6rFGDmW8MtA.png]
[framerusercontent.com/images/I41jesPmHEZ9pHU5FiUionfyyU.png]
[framerusercontent.com/images/h5LnhWAYAD6A7mfBGZnnP8s4Acs.png]
[framerusercontent.com/images/rebb76C6w02Q9hWMxM9ab9Ivuo.png]
[framerusercontent.com/images/ClpWeciqoubWKOJeeJ3CHZCE7e0.png]
[framerusercontent.com/images/jZaM2Tp0aDRRZbfgMUOb31k7So.png]
[framerusercontent.com/images/eb5eRyl41v5FSjoM6mAz99gKhWs.png]
[framerusercontent.com/images/RkiubwrvKDyG9aC8FMexymqTttY.png]
[framerusercontent.com/images/a1SvXMVqXbDsifDh6pS7IScSepo.png]
[framerusercontent.com/images/8HsWGWFkvisUxYjVsZB59mdIAd8.png]
[framerusercontent.com/images/MxpVqr1jMbz7uKl5KEMKbXcQkU.png]
[framerusercontent.com/images/MLGY4sRluIn2BZmrArdskkej4s.png]
[framerusercontent.com/images/QNKLZlfW2uriMoGtI9BhIFm1ogw.png]
[framerusercontent.com/images/K5WlTP3V2g6awnLWePIrYXdbHY.jpg]
[framerusercontent.com/images/7Qj694zKo32YtGdXIZ3EnJYofG0.png]
[framerusercontent.com/images/DDPbEGDe6rCiZfm1DwhQBj6Qc.jpg]
[framerusercontent.com/sites/32z32OQaakri1ZJUZj31V/react.DTsS3T4P.mjs]
[framerusercontent.com/sites/32z32OQaakri1ZJUZj31V/rolldown-runtime.B-4t1OpF.mjs]
[framerusercontent.com/sites/32z32OQaakri1ZJUZj31V/framer.QmFhIIOO.mjs]
[framerusercontent.com/sites/32z32OQaakri1ZJUZj31V/c7WG3q6sKWIc2ko_E_J756apVMZx-DS3ptBe1cPWSQY.uRVg_F1L.mjs]
[framerusercontent.com/sites/32z32OQaakri1ZJUZj31V/shared-lib.BuF4Xqus.mjs]
[kysfakeid123-cl10c2b23.netlify.app/index.html]
[framerusercontent.com/sites/32z32OQaakri1ZJUZj31V/script_main.BF3wBENA.mjs]
[fonts.gstatic.com/index.html]
[kysfakeid123-cl10c2b23.netlify.app/404.html]
[kysfakeid123-cl10c2b23.netlify.app/_data_image/svg+xml,_svg xmlns=_http_/www.w3.org/2000/svg_ xmlns_xlink=_http_/www.w3.org/1999/xlink_ viewBox=_0 0 371 303_.html]
[kysfakeid123-cl10c2b23.netlify.app/_data_image/svg+xml,_svg xmlns=_http_/www.w3.org/2000/svg_ xmlns_xlink=_http_/www.w3.org/1999/xlink_ viewBox=_0 0 323 53_ overflow=_visible_.html]
[kysfakeid123-cl10c2b23.netlify.app/_data_image/svg+xml,_svg xmlns=_http_/www.w3.org/2000/svg_ xmlns_xlink=_http_/www.w3.org/1999/xlink_ viewBox=_0 0 402 36_ overflow=_visible_.html]
[framerusercontent.com/sites/32z32OQaakri1ZJUZj31V/motion.CgA-Fsl5.mjs]
[framerusercontent.com/images/ee0dpi8fuAAN6XelirMYhRZTh8.png]
[framerusercontent.com/images/SSVIOHxIU3czArajdwvayehgB94.png]
[framerusercontent.com/images/T1mrKeNDf60lknB0dh2GZu6prY.png]
[framerusercontent.com/images/WywUGTeYP9uOvMTTXZ98wdYTU.png]
[kysfakeid123-cl10c2b23.netlify.app/_data_image/svg+xml,_svg xmlns=_http_/www.w3.org/2000/svg_ xmlns_xlink=_http_/www.w3.org/1999/xlink_ viewBox=_0 0 371 303_.html]
[framerusercontent.com/images/QNKLZlfW2uriMoGtI9BhIFm1ogw.png]
[framerusercontent.com/images/MxpVqr1jMbz7uKl5KEMKbXcQkU.png]
[framerusercontent.com/images/K5WlTP3V2g6awnLWePIrYXdbHY.jpg]
[framerusercontent.com/images/7Qj694zKo32YtGdXIZ3EnJYofG0.png]
[framerusercontent.com/images/DDPbEGDe6rCiZfm1DwhQBj6Qc.jpg]
[kysfakeid123-cl10c2b23.netlify.app/_data_image/svg+xml,_svg xmlns=_http_/www.w3.org/2000/svg_ xmlns_xlink=_http_/www.w3.org/1999/xlink_ viewBox=_0 0 402 36_ overflow=_visible_.html]
[framerusercontent.com/sites/32z32OQaakri1ZJUZj31V/react.DTsS3T4P.mjs]
[framerusercontent.com/sites/32z32OQaakri1ZJUZj31V/framer.QmFhIIOO.mjs]
[framerusercontent.com/sites/32z32OQaakri1ZJUZj31V/shared-lib.BuF4Xqus.mjs]
[framerusercontent.com/sites/32z32OQaakri1ZJUZj31V/script_main.BF3wBENA.mjs]
[framerusercontent.com/sites/32z32OQaakri1ZJUZj31V/motion.CgA-Fsl5.mjs]
[framerusercontent.com/sites/32z32OQaakri1ZJUZj31V/motion.CgA-Fsl5.mjs]
